Component: ARM Compiler 5.06 update 4 (build 422) Tool: armlink [4d35d2]

==============================================================================

Section Cross References

    startup.o(STACK) refers (Special) to heapauxi.o(.text) for __use_two_region_memory
    startup.o(HEAP) refers (Special) to heapauxi.o(.text) for __use_two_region_memory
    startup.o(RESET) refers (Special) to heapauxi.o(.text) for __use_two_region_memory
    startup.o(RESET) refers to startup.o(STACK) for __initial_sp
    startup.o(RESET) refers to startup.o(.text) for Reset_Handler
    startup.o(RESET) refers to btcommunication.o(.text) for bluetoothISR
    startup.o(RESET) refers to main.o(.text) for mainISR
    startup.o(.text) refers (Special) to heapauxi.o(.text) for __use_two_region_memory
    startup.o(.text) refers to __main.o(!!!main) for __main
    startup.o(.text) refers to startup.o(HEAP) for Heap_Mem
    startup.o(.text) refers to startup.o(STACK) for Stack_Mem
    main.o(.text) refers to uartusb.o(.text) for setupUARTforUSB
    main.o(.text) refers to uartbluetooth.o(.text) for setupUARTforBluetooth
    main.o(.text) refers to glioledir.o(.text) for setupGPIOforLED
    main.o(.text) refers to timersystem.o(.text) for setupSysTick
    main.o(.text) refers to gpioled.o(.text) for setupGPIOforOnboardLED
    main.o(.text) refers to i2ccompassa.o(.text) for setupI2CforCompassA
    main.o(.text) refers to i2ccompassb.o(.text) for setupI2CforCompassB
    main.o(.text) refers to compassmeasurements.o(.text) for calibrateSensors
    main.o(.text) refers to timermain.o(.text) for setupTimerForMain
    main.o(.text) refers to ircommunication.o(.text) for sendIRMotorSpeed
    main.o(.text) refers to main.o(.bss) for centers
    main.o(.text) refers to main.o(.data) for direction
    timermain.o(.text) refers to startup.o(.text) for DisableInterrupts
    btcommunication.o(.text) refers to main.o(.text) for updateControlls
    btcommunication.o(.text) refers to uartbluetooth.o(.text) for readBluetooth
    uartbluetooth.o(.text) refers to startup.o(.text) for DisableInterrupts
    ircommunication.o(.text) refers to timersystem.o(.text) for waitUS
    atanlookuptable.o(.text) refers to atanlookuptable.o(.data) for ratios
    compassmeasurements.o(.text) refers to i2ccompassa.o(.text) for readCompassA
    compassmeasurements.o(.text) refers to i2ccompassb.o(.text) for readCompassB
    compassmeasurements.o(.text) refers to atanlookuptable.o(.text) for inversetan
    compassmeasurements.o(.text) refers to gpioled.o(.text) for enableOnboardLED
    compassmeasurements.o(.text) refers to rt_memclr_w.o(.text) for __aeabi_memclr4
    __main.o(!!!main) refers to __rtentry.o(.ARM.Collect$$rtentry$$00000000) for __rt_entry
    __rtentry.o(.ARM.Collect$$rtentry$$00000000) refers (Special) to __rtentry2.o(.ARM.Collect$$rtentry$$0000000A) for __rt_entry_li
    __rtentry.o(.ARM.Collect$$rtentry$$00000000) refers (Special) to __rtentry2.o(.ARM.Collect$$rtentry$$0000000D) for __rt_entry_main
    __rtentry.o(.ARM.Collect$$rtentry$$00000000) refers (Special) to __rtentry2.o(.ARM.Collect$$rtentry$$0000000C) for __rt_entry_postli_1
    __rtentry.o(.ARM.Collect$$rtentry$$00000000) refers (Special) to __rtentry2.o(.ARM.Collect$$rtentry$$00000009) for __rt_entry_postsh_1
    __rtentry.o(.ARM.Collect$$rtentry$$00000000) refers (Special) to __rtentry2.o(.ARM.Collect$$rtentry$$00000002) for __rt_entry_presh_1
    __rtentry.o(.ARM.Collect$$rtentry$$00000000) refers (Special) to __rtentry4.o(.ARM.Collect$$rtentry$$00000004) for __rt_entry_sh
    __rtentry2.o(.ARM.Collect$$rtentry$$00000008) refers to boardinit2.o(.text) for _platform_post_stackheap_init
    __rtentry2.o(.ARM.Collect$$rtentry$$0000000A) refers to libinit.o(.ARM.Collect$$libinit$$00000000) for __rt_lib_init
    __rtentry2.o(.ARM.Collect$$rtentry$$0000000B) refers to boardinit3.o(.text) for _platform_post_lib_init
    __rtentry2.o(.ARM.Collect$$rtentry$$0000000D) refers to main.o(.text) for main
    __rtentry2.o(.ARM.Collect$$rtentry$$0000000D) refers to exit.o(.text) for exit
    __rtentry2.o(.ARM.exidx) refers to __rtentry2.o(.ARM.Collect$$rtentry$$00000001) for .ARM.Collect$$rtentry$$00000001
    __rtentry2.o(.ARM.exidx) refers to __rtentry2.o(.ARM.Collect$$rtentry$$00000008) for .ARM.Collect$$rtentry$$00000008
    __rtentry2.o(.ARM.exidx) refers to __rtentry2.o(.ARM.Collect$$rtentry$$0000000A) for .ARM.Collect$$rtentry$$0000000A
    __rtentry2.o(.ARM.exidx) refers to __rtentry2.o(.ARM.Collect$$rtentry$$0000000B) for .ARM.Collect$$rtentry$$0000000B
    __rtentry2.o(.ARM.exidx) refers to __rtentry2.o(.ARM.Collect$$rtentry$$0000000D) for .ARM.Collect$$rtentry$$0000000D
    __rtentry4.o(.ARM.Collect$$rtentry$$00000004) refers to sys_stackheap_outer.o(.text) for __user_setup_stackheap
    __rtentry4.o(.ARM.exidx) refers to __rtentry4.o(.ARM.Collect$$rtentry$$00000004) for .ARM.Collect$$rtentry$$00000004
    sys_stackheap_outer.o(.text) refers to libspace.o(.text) for __user_perproc_libspace
    sys_stackheap_outer.o(.text) refers to startup.o(.text) for __user_initial_stackheap
    exit.o(.text) refers to rtexit.o(.ARM.Collect$$rtexit$$00000000) for __rt_exit
    libinit.o(.ARM.Collect$$libinit$$00000000) refers (Special) to libinit2.o(.ARM.Collect$$libinit$$0000002E) for __rt_lib_init_alloca_1
    libinit.o(.ARM.Collect$$libinit$$00000000) refers (Special) to libinit2.o(.ARM.Collect$$libinit$$0000002C) for __rt_lib_init_argv_1
    libinit.o(.ARM.Collect$$libinit$$00000000) refers (Special) to libinit2.o(.ARM.Collect$$libinit$$0000001B) for __rt_lib_init_atexit_1
    libinit.o(.ARM.Collect$$libinit$$00000000) refers (Special) to libinit2.o(.ARM.Collect$$libinit$$00000021) for __rt_lib_init_clock_1
    libinit.o(.ARM.Collect$$libinit$$00000000) refers (Special) to libinit2.o(.ARM.Collect$$libinit$$00000032) for __rt_lib_init_cpp_1
    libinit.o(.ARM.Collect$$libinit$$00000000) refers (Special) to libinit2.o(.ARM.Collect$$libinit$$00000030) for __rt_lib_init_exceptions_1
    libinit.o(.ARM.Collect$$libinit$$00000000) refers (Special) to libinit2.o(.ARM.Collect$$libinit$$00000001) for __rt_lib_init_fp_1
    libinit.o(.ARM.Collect$$libinit$$00000000) refers (Special) to libinit2.o(.ARM.Collect$$libinit$$0000001F) for __rt_lib_init_fp_trap_1
    libinit.o(.ARM.Collect$$libinit$$00000000) refers (Special) to libinit2.o(.ARM.Collect$$libinit$$00000023) for __rt_lib_init_getenv_1
    libinit.o(.ARM.Collect$$libinit$$00000000) refers (Special) to libinit2.o(.ARM.Collect$$libinit$$0000000A) for __rt_lib_init_heap_1
    libinit.o(.ARM.Collect$$libinit$$00000000) refers (Special) to libinit2.o(.ARM.Collect$$libinit$$00000011) for __rt_lib_init_lc_collate_1
    libinit.o(.ARM.Collect$$libinit$$00000000) refers (Special) to libinit2.o(.ARM.Collect$$libinit$$00000013) for __rt_lib_init_lc_ctype_1
    libinit.o(.ARM.Collect$$libinit$$00000000) refers (Special) to libinit2.o(.ARM.Collect$$libinit$$00000015) for __rt_lib_init_lc_monetary_1
    libinit.o(.ARM.Collect$$libinit$$00000000) refers (Special) to libinit2.o(.ARM.Collect$$libinit$$00000017) for __rt_lib_init_lc_numeric_1
    libinit.o(.ARM.Collect$$libinit$$00000000) refers (Special) to libinit2.o(.ARM.Collect$$libinit$$00000019) for __rt_lib_init_lc_time_1
    libinit.o(.ARM.Collect$$libinit$$00000000) refers (Special) to libinit2.o(.ARM.Collect$$libinit$$00000004) for __rt_lib_init_preinit_1
    libinit.o(.ARM.Collect$$libinit$$00000000) refers (Special) to libinit2.o(.ARM.Collect$$libinit$$0000000E) for __rt_lib_init_rand_1
    libinit.o(.ARM.Collect$$libinit$$00000000) refers (Special) to libinit2.o(.ARM.Collect$$libinit$$00000033) for __rt_lib_init_return
    libinit.o(.ARM.Collect$$libinit$$00000000) refers (Special) to libinit2.o(.ARM.Collect$$libinit$$0000001D) for __rt_lib_init_signal_1
    libinit.o(.ARM.Collect$$libinit$$00000000) refers (Special) to libinit2.o(.ARM.Collect$$libinit$$00000025) for __rt_lib_init_stdio_1
    libinit.o(.ARM.Collect$$libinit$$00000000) refers (Special) to libinit2.o(.ARM.Collect$$libinit$$0000000C) for __rt_lib_init_user_alloc_1
    libspace.o(.text) refers to libspace.o(.bss) for __libspace_start
    rtexit.o(.ARM.Collect$$rtexit$$00000000) refers (Special) to rtexit2.o(.ARM.Collect$$rtexit$$00000004) for __rt_exit_exit
    rtexit.o(.ARM.Collect$$rtexit$$00000000) refers (Special) to rtexit2.o(.ARM.Collect$$rtexit$$00000003) for __rt_exit_ls
    rtexit.o(.ARM.Collect$$rtexit$$00000000) refers (Special) to rtexit2.o(.ARM.Collect$$rtexit$$00000002) for __rt_exit_prels_1
    rtexit.o(.ARM.exidx) refers (Special) to rtexit2.o(.ARM.Collect$$rtexit$$00000004) for __rt_exit_exit
    rtexit.o(.ARM.exidx) refers (Special) to rtexit2.o(.ARM.Collect$$rtexit$$00000003) for __rt_exit_ls
    rtexit.o(.ARM.exidx) refers (Special) to rtexit2.o(.ARM.Collect$$rtexit$$00000002) for __rt_exit_prels_1
    rtexit.o(.ARM.exidx) refers to rtexit.o(.ARM.Collect$$rtexit$$00000000) for .ARM.Collect$$rtexit$$00000000
    libinit2.o(.ARM.Collect$$libinit$$00000001) refers to fpinit.o(x$fpl$fpinit) for _fp_init
    libinit2.o(.ARM.Collect$$libinit$$00000010) refers to libinit2.o(.ARM.Collect$$libinit$$0000000F) for .ARM.Collect$$libinit$$0000000F
    libinit2.o(.ARM.Collect$$libinit$$00000012) refers to libinit2.o(.ARM.Collect$$libinit$$0000000F) for .ARM.Collect$$libinit$$0000000F
    libinit2.o(.ARM.Collect$$libinit$$00000014) refers to libinit2.o(.ARM.Collect$$libinit$$0000000F) for .ARM.Collect$$libinit$$0000000F
    libinit2.o(.ARM.Collect$$libinit$$00000016) refers to libinit2.o(.ARM.Collect$$libinit$$0000000F) for .ARM.Collect$$libinit$$0000000F
    libinit2.o(.ARM.Collect$$libinit$$00000018) refers to libinit2.o(.ARM.Collect$$libinit$$0000000F) for .ARM.Collect$$libinit$$0000000F
    libinit2.o(.ARM.Collect$$libinit$$00000026) refers to argv_veneer.o(.emb_text) for __ARM_argv_veneer
    libinit2.o(.ARM.Collect$$libinit$$00000027) refers to argv_veneer.o(.emb_text) for __ARM_argv_veneer
    rtexit2.o(.ARM.Collect$$rtexit$$00000003) refers to libshutdown.o(.ARM.Collect$$libshutdown$$00000000) for __rt_lib_shutdown
    rtexit2.o(.ARM.Collect$$rtexit$$00000004) refers to sys_exit.o(.text) for _sys_exit
    rtexit2.o(.ARM.exidx) refers to rtexit2.o(.ARM.Collect$$rtexit$$00000001) for .ARM.Collect$$rtexit$$00000001
    rtexit2.o(.ARM.exidx) refers to rtexit2.o(.ARM.Collect$$rtexit$$00000003) for .ARM.Collect$$rtexit$$00000003
    rtexit2.o(.ARM.exidx) refers to rtexit2.o(.ARM.Collect$$rtexit$$00000004) for .ARM.Collect$$rtexit$$00000004
    argv_veneer.o(.emb_text) refers to no_argv.o(.text) for __ARM_get_argv
    sys_exit.o(.text) refers (Special) to use_no_semi.o(.text) for __I$use$semihosting
    sys_exit.o(.text) refers (Special) to indicate_semi.o(.text) for __semihosting_library_function
    _get_argv_nomalloc.o(.text) refers (Special) to hrguard.o(.text) for __heap_region$guard
    _get_argv_nomalloc.o(.text) refers to defsig_rtmem_outer.o(.text) for __rt_SIGRTMEM
    _get_argv_nomalloc.o(.text) refers to sys_command.o(.text) for _sys_command_string
    libshutdown.o(.ARM.Collect$$libshutdown$$00000000) refers (Special) to libshutdown2.o(.ARM.Collect$$libshutdown$$00000002) for __rt_lib_shutdown_cpp_1
    libshutdown.o(.ARM.Collect$$libshutdown$$00000000) refers (Special) to libshutdown2.o(.ARM.Collect$$libshutdown$$00000007) for __rt_lib_shutdown_fp_trap_1
    libshutdown.o(.ARM.Collect$$libshutdown$$00000000) refers (Special) to libshutdown2.o(.ARM.Collect$$libshutdown$$0000000F) for __rt_lib_shutdown_heap_1
    libshutdown.o(.ARM.Collect$$libshutdown$$00000000) refers (Special) to libshutdown2.o(.ARM.Collect$$libshutdown$$00000010) for __rt_lib_shutdown_return
    libshutdown.o(.ARM.Collect$$libshutdown$$00000000) refers (Special) to libshutdown2.o(.ARM.Collect$$libshutdown$$0000000A) for __rt_lib_shutdown_signal_1
    libshutdown.o(.ARM.Collect$$libshutdown$$00000000) refers (Special) to libshutdown2.o(.ARM.Collect$$libshutdown$$00000004) for __rt_lib_shutdown_stdio_1
    libshutdown.o(.ARM.Collect$$libshutdown$$00000000) refers (Special) to libshutdown2.o(.ARM.Collect$$libshutdown$$0000000C) for __rt_lib_shutdown_user_alloc_1
    sys_command.o(.text) refers (Special) to use_no_semi.o(.text) for __I$use$semihosting
    sys_command.o(.text) refers (Special) to indicate_semi.o(.text) for __semihosting_library_function
    defsig_rtmem_outer.o(.text) refers to defsig_rtmem_inner.o(.text) for __rt_SIGRTMEM_inner
    defsig_rtmem_outer.o(.text) refers to defsig_exit.o(.text) for __sig_exit
    defsig_rtmem_formal.o(.text) refers to rt_raise.o(.text) for __rt_raise
    rt_raise.o(.text) refers to __raise.o(.text) for __raise
    rt_raise.o(.text) refers to sys_exit.o(.text) for _sys_exit
    defsig_exit.o(.text) refers to sys_exit.o(.text) for _sys_exit
    defsig_rtmem_inner.o(.text) refers to defsig_general.o(.text) for __default_signal_display
    __raise.o(.text) refers to defsig.o(CL$$defsig) for __default_signal_handler
    defsig_general.o(.text) refers to sys_wrch.o(.text) for _ttywrch
    sys_wrch.o(.text) refers (Special) to use_no_semi.o(.text) for __I$use$semihosting
    sys_wrch.o(.text) refers (Special) to indicate_semi.o(.text) for __semihosting_library_function
    defsig.o(CL$$defsig) refers to defsig_rtmem_inner.o(.text) for __rt_SIGRTMEM_inner
    defsig_abrt_inner.o(.text) refers to defsig_general.o(.text) for __default_signal_display
    defsig_fpe_inner.o(.text) refers to defsig_general.o(.text) for __default_signal_display
    defsig_rtred_inner.o(.text) refers to defsig_general.o(.text) for __default_signal_display
    defsig_stak_inner.o(.text) refers to defsig_general.o(.text) for __default_signal_display
    defsig_pvfn_inner.o(.text) refers to defsig_general.o(.text) for __default_signal_display
    defsig_cppl_inner.o(.text) refers to defsig_general.o(.text) for __default_signal_display
    defsig_segv_inner.o(.text) refers to defsig_general.o(.text) for __default_signal_display
    defsig_other.o(.text) refers to defsig_general.o(.text) for __default_signal_display


==============================================================================

Image Symbol Table

    Local Symbols

    Symbol Name                              Value     Ov Type        Size  Object(Section)

    RESET                                    0x00000000   Section      620  startup.o(RESET)
    ../clib/angel/boardlib.s                 0x00000000   Number         0  boardinit1.o ABSOLUTE
    ../clib/angel/boardlib.s                 0x00000000   Number         0  boardinit2.o ABSOLUTE
    ../clib/angel/boardlib.s                 0x00000000   Number         0  boardinit3.o ABSOLUTE
    ../clib/angel/boardlib.s                 0x00000000   Number         0  boardshut.o ABSOLUTE
    ../clib/angel/dczerorl2.s                0x00000000   Number         0  __dczerorl2.o ABSOLUTE
    ../clib/angel/handlers.s                 0x00000000   Number         0  __scatter_zi.o ABSOLUTE
    ../clib/angel/kernel.s                   0x00000000   Number         0  rtexit.o ABSOLUTE
    ../clib/angel/kernel.s                   0x00000000   Number         0  rtexit2.o ABSOLUTE
    ../clib/angel/kernel.s                   0x00000000   Number         0  __rtentry2.o ABSOLUTE
    ../clib/angel/kernel.s                   0x00000000   Number         0  __rtentry.o ABSOLUTE
    ../clib/angel/kernel.s                   0x00000000   Number         0  __rtentry4.o ABSOLUTE
    ../clib/angel/rt.s                       0x00000000   Number         0  rt_raise.o ABSOLUTE
    ../clib/angel/scatter.s                  0x00000000   Number         0  __scatter.o ABSOLUTE
    ../clib/angel/startup.s                  0x00000000   Number         0  __main.o ABSOLUTE
    ../clib/angel/sys.s                      0x00000000   Number         0  libspace.o ABSOLUTE
    ../clib/angel/sys.s                      0x00000000   Number         0  use_no_semi.o ABSOLUTE
    ../clib/angel/sys.s                      0x00000000   Number         0  indicate_semi.o ABSOLUTE
    ../clib/angel/sys.s                      0x00000000   Number         0  sys_stackheap_outer.o ABSOLUTE
    ../clib/angel/sysapp.c                   0x00000000   Number         0  sys_exit.o ABSOLUTE
    ../clib/angel/sysapp.c                   0x00000000   Number         0  sys_command.o ABSOLUTE
    ../clib/angel/sysapp.c                   0x00000000   Number         0  sys_wrch.o ABSOLUTE
    ../clib/armsys.c                         0x00000000   Number         0  argv_veneer.o ABSOLUTE
    ../clib/armsys.c                         0x00000000   Number         0  argv_veneer.o ABSOLUTE
    ../clib/armsys.c                         0x00000000   Number         0  no_argv.o ABSOLUTE
    ../clib/armsys.c                         0x00000000   Number         0  _get_argv_nomalloc.o ABSOLUTE
    ../clib/heapalloc.c                      0x00000000   Number         0  hrguard.o ABSOLUTE
    ../clib/heapaux.c                        0x00000000   Number         0  heapauxi.o ABSOLUTE
    ../clib/libinit.s                        0x00000000   Number         0  libinit.o ABSOLUTE
    ../clib/libinit.s                        0x00000000   Number         0  libinit2.o ABSOLUTE
    ../clib/libinit.s                        0x00000000   Number         0  libshutdown.o ABSOLUTE
    ../clib/libinit.s                        0x00000000   Number         0  libshutdown2.o ABSOLUTE
    ../clib/memcpset.s                       0x00000000   Number         0  rt_memclr_w.o ABSOLUTE
    ../clib/signal.c                         0x00000000   Number         0  defsig_exit.o ABSOLUTE
    ../clib/signal.c                         0x00000000   Number         0  defsig_pvfn_inner.o ABSOLUTE
    ../clib/signal.c                         0x00000000   Number         0  defsig_stak_inner.o ABSOLUTE
    ../clib/signal.c                         0x00000000   Number         0  defsig_cppl_inner.o ABSOLUTE
    ../clib/signal.c                         0x00000000   Number         0  defsig_segv_inner.o ABSOLUTE
    ../clib/signal.c                         0x00000000   Number         0  defsig_other.o ABSOLUTE
    ../clib/signal.c                         0x00000000   Number         0  defsig_rtmem_outer.o ABSOLUTE
    ../clib/signal.c                         0x00000000   Number         0  defsig_rtmem_inner.o ABSOLUTE
    ../clib/signal.c                         0x00000000   Number         0  defsig_abrt_inner.o ABSOLUTE
    ../clib/signal.c                         0x00000000   Number         0  defsig_fpe_inner.o ABSOLUTE
    ../clib/signal.c                         0x00000000   Number         0  defsig_rtred_inner.o ABSOLUTE
    ../clib/signal.c                         0x00000000   Number         0  defsig_general.o ABSOLUTE
    ../clib/signal.c                         0x00000000   Number         0  __raise.o ABSOLUTE
    ../clib/signal.c                         0x00000000   Number         0  defsig_rtmem_formal.o ABSOLUTE
    ../clib/signal.s                         0x00000000   Number         0  defsig.o ABSOLUTE
    ../clib/stdlib.c                         0x00000000   Number         0  exit.o ABSOLUTE
    ../fplib/fpinit.s                        0x00000000   Number         0  fpinit.o ABSOLUTE
    BTcommunication.c                        0x00000000   Number         0  btcommunication.o ABSOLUTE
    CompassMeasurements.c                    0x00000000   Number         0  compassmeasurements.o ABSOLUTE
    GLIOledIR.c                              0x00000000   Number         0  glioledir.o ABSOLUTE
    GPIOled.c                                0x00000000   Number         0  gpioled.o ABSOLUTE
    I2CcompassA.c                            0x00000000   Number         0  i2ccompassa.o ABSOLUTE
    I2CcompassB.c                            0x00000000   Number         0  i2ccompassb.o ABSOLUTE
    IRcommunication.c                        0x00000000   Number         0  ircommunication.o ABSOLUTE
    Startup.s                                0x00000000   Number         0  startup.o ABSOLUTE
    TIMERmain.c                              0x00000000   Number         0  timermain.o ABSOLUTE
    TIMERsystem.c                            0x00000000   Number         0  timersystem.o ABSOLUTE
    UARTbluetooth.c                          0x00000000   Number         0  uartbluetooth.o ABSOLUTE
    UARTusb.c                                0x00000000   Number         0  uartusb.o ABSOLUTE
    atanLookupTable.c                        0x00000000   Number         0  atanlookuptable.o ABSOLUTE
    dc.s                                     0x00000000   Number         0  dc.o ABSOLUTE
    general.c                                0x00000000   Number         0  general.o ABSOLUTE
    main.c                                   0x00000000   Number         0  main.o ABSOLUTE
    !!!main                                  0x0000026c   Section        8  __main.o(!!!main)
    !!!scatter                               0x00000274   Section       52  __scatter.o(!!!scatter)
    !!dczerorl2                              0x000002a8   Section       90  __dczerorl2.o(!!dczerorl2)
    !!handler_zi                             0x00000304   Section       28  __scatter_zi.o(!!handler_zi)
    .ARM.Collect$$libinit$$00000000          0x00000320   Section        2  libinit.o(.ARM.Collect$$libinit$$00000000)
    .ARM.Collect$$libinit$$00000001          0x00000322   Section        4  libinit2.o(.ARM.Collect$$libinit$$00000001)
    .ARM.Collect$$libinit$$00000004          0x00000326   Section        0  libinit2.o(.ARM.Collect$$libinit$$00000004)
    .ARM.Collect$$libinit$$0000000A          0x00000326   Section        0  libinit2.o(.ARM.Collect$$libinit$$0000000A)
    .ARM.Collect$$libinit$$0000000C          0x00000326   Section        0  libinit2.o(.ARM.Collect$$libinit$$0000000C)
    .ARM.Collect$$libinit$$0000000E          0x00000326   Section        0  libinit2.o(.ARM.Collect$$libinit$$0000000E)
    .ARM.Collect$$libinit$$00000011          0x00000326   Section        0  libinit2.o(.ARM.Collect$$libinit$$00000011)
    .ARM.Collect$$libinit$$00000013          0x00000326   Section        0  libinit2.o(.ARM.Collect$$libinit$$00000013)
    .ARM.Collect$$libinit$$00000015          0x00000326   Section        0  libinit2.o(.ARM.Collect$$libinit$$00000015)
    .ARM.Collect$$libinit$$00000017          0x00000326   Section        0  libinit2.o(.ARM.Collect$$libinit$$00000017)
    .ARM.Collect$$libinit$$00000019          0x00000326   Section        0  libinit2.o(.ARM.Collect$$libinit$$00000019)
    .ARM.Collect$$libinit$$0000001B          0x00000326   Section        0  libinit2.o(.ARM.Collect$$libinit$$0000001B)
    .ARM.Collect$$libinit$$0000001D          0x00000326   Section        0  libinit2.o(.ARM.Collect$$libinit$$0000001D)
    .ARM.Collect$$libinit$$0000001F          0x00000326   Section        0  libinit2.o(.ARM.Collect$$libinit$$0000001F)
    .ARM.Collect$$libinit$$00000021          0x00000326   Section        0  libinit2.o(.ARM.Collect$$libinit$$00000021)
    .ARM.Collect$$libinit$$00000023          0x00000326   Section        0  libinit2.o(.ARM.Collect$$libinit$$00000023)
    .ARM.Collect$$libinit$$00000025          0x00000326   Section        0  libinit2.o(.ARM.Collect$$libinit$$00000025)
    .ARM.Collect$$libinit$$0000002C          0x00000326   Section        0  libinit2.o(.ARM.Collect$$libinit$$0000002C)
    .ARM.Collect$$libinit$$0000002E          0x00000326   Section        0  libinit2.o(.ARM.Collect$$libinit$$0000002E)
    .ARM.Collect$$libinit$$00000030          0x00000326   Section        0  libinit2.o(.ARM.Collect$$libinit$$00000030)
    .ARM.Collect$$libinit$$00000032          0x00000326   Section        0  libinit2.o(.ARM.Collect$$libinit$$00000032)
    .ARM.Collect$$libinit$$00000033          0x00000326   Section        2  libinit2.o(.ARM.Collect$$libinit$$00000033)
    .ARM.Collect$$libshutdown$$00000000      0x00000328   Section        2  libshutdown.o(.ARM.Collect$$libshutdown$$00000000)
    .ARM.Collect$$libshutdown$$00000002      0x0000032a   Section        0  libshutdown2.o(.ARM.Collect$$libshutdown$$00000002)
    .ARM.Collect$$libshutdown$$00000004      0x0000032a   Section        0  libshutdown2.o(.ARM.Collect$$libshutdown$$00000004)
    .ARM.Collect$$libshutdown$$00000007      0x0000032a   Section        0  libshutdown2.o(.ARM.Collect$$libshutdown$$00000007)
    .ARM.Collect$$libshutdown$$0000000A      0x0000032a   Section        0  libshutdown2.o(.ARM.Collect$$libshutdown$$0000000A)
    .ARM.Collect$$libshutdown$$0000000C      0x0000032a   Section        0  libshutdown2.o(.ARM.Collect$$libshutdown$$0000000C)
    .ARM.Collect$$libshutdown$$0000000F      0x0000032a   Section        0  libshutdown2.o(.ARM.Collect$$libshutdown$$0000000F)
    .ARM.Collect$$libshutdown$$00000010      0x0000032a   Section        2  libshutdown2.o(.ARM.Collect$$libshutdown$$00000010)
    .ARM.Collect$$rtentry$$00000000          0x0000032c   Section        0  __rtentry.o(.ARM.Collect$$rtentry$$00000000)
    .ARM.Collect$$rtentry$$00000002          0x0000032c   Section        0  __rtentry2.o(.ARM.Collect$$rtentry$$00000002)
    .ARM.Collect$$rtentry$$00000004          0x0000032c   Section        6  __rtentry4.o(.ARM.Collect$$rtentry$$00000004)
    .ARM.Collect$$rtentry$$00000009          0x00000332   Section        0  __rtentry2.o(.ARM.Collect$$rtentry$$00000009)
    .ARM.Collect$$rtentry$$0000000A          0x00000332   Section        4  __rtentry2.o(.ARM.Collect$$rtentry$$0000000A)
    .ARM.Collect$$rtentry$$0000000C          0x00000336   Section        0  __rtentry2.o(.ARM.Collect$$rtentry$$0000000C)
    .ARM.Collect$$rtentry$$0000000D          0x00000336   Section        8  __rtentry2.o(.ARM.Collect$$rtentry$$0000000D)
    .ARM.Collect$$rtexit$$00000000           0x0000033e   Section        2  rtexit.o(.ARM.Collect$$rtexit$$00000000)
    .ARM.Collect$$rtexit$$00000002           0x00000340   Section        0  rtexit2.o(.ARM.Collect$$rtexit$$00000002)
    .ARM.Collect$$rtexit$$00000003           0x00000340   Section        4  rtexit2.o(.ARM.Collect$$rtexit$$00000003)
    .ARM.Collect$$rtexit$$00000004           0x00000344   Section        6  rtexit2.o(.ARM.Collect$$rtexit$$00000004)
    .text                                    0x0000034c   Section       88  startup.o(.text)
    $v0                                      0x0000034c   Number         0  startup.o(.text)
    .text                                    0x000003a4   Section        0  main.o(.text)
    .text                                    0x000004d0   Section        0  timermain.o(.text)
    .text                                    0x000005b4   Section        0  btcommunication.o(.text)
    .text                                    0x000005ec   Section        0  uartbluetooth.o(.text)
    .text                                    0x0000076c   Section        0  uartusb.o(.text)
    .text                                    0x00000924   Section        0  timersystem.o(.text)
    .text                                    0x00000984   Section        0  gpioled.o(.text)
    .text                                    0x00000a0c   Section        0  ircommunication.o(.text)
    .text                                    0x00000b44   Section        0  i2ccompassa.o(.text)
    .text                                    0x00000ca4   Section        0  i2ccompassb.o(.text)
    .text                                    0x00000e04   Section        0  atanlookuptable.o(.text)
    .text                                    0x00000e88   Section        0  compassmeasurements.o(.text)
    .text                                    0x00001084   Section        0  glioledir.o(.text)
    .text                                    0x00001120   Section       78  rt_memclr_w.o(.text)
    .text                                    0x0000116e   Section        0  heapauxi.o(.text)
    .text                                    0x00001174   Section       74  sys_stackheap_outer.o(.text)
    .text                                    0x000011be   Section        0  exit.o(.text)
    .text                                    0x000011d0   Section        8  libspace.o(.text)
    .text                                    0x000011d8   Section        0  sys_exit.o(.text)
    .text                                    0x000011e4   Section        2  use_no_semi.o(.text)
    .text                                    0x000011e6   Section        0  indicate_semi.o(.text)
    x$fpl$fpinit                             0x000011e6   Section       10  fpinit.o(x$fpl$fpinit)
    $v0                                      0x000011e6   Number         0  fpinit.o(x$fpl$fpinit)
    .data                                    0x20000000   Section       12  main.o(.data)
    .data                                    0x2000000c   Section     1448  atanlookuptable.o(.data)
    .bss                                     0x200005b4   Section       24  main.o(.bss)
    .bss                                     0x200005cc   Section       96  libspace.o(.bss)
    HEAP                                     0x20000630   Section        0  startup.o(HEAP)
    STACK                                    0x20000630   Section     1024  startup.o(STACK)
    Heap_Mem                                 0x20000630   Data           0  startup.o(HEAP)
    Stack_Mem                                0x20000630   Data        1024  startup.o(STACK)
    __initial_sp                             0x20000a30   Data           0  startup.o(STACK)

    Global Symbols

    Symbol Name                              Value     Ov Type        Size  Object(Section)

    BuildAttributes$$THM_ISAv4$E$P$D$K$B$S$7EM$VFPi3$EXTD16$VFPS$VFMA$PE$A:L22UL41UL21$X:L11$S22US41US21$IEEE1$IW$USESV6$~STKCKD$USESV7$~SHL$OSPACE$ROPI$EBA8$UX$STANDARDLIB$REQ8$PRES8$EABIv2 0x00000000   Number         0  anon$$obj.o ABSOLUTE
    __ARM_use_no_argv                        0x00000000   Number         0  main.o ABSOLUTE
    __Vectors                                0x00000000   Data           0  startup.o(RESET)
    __ARM_exceptions_init                     - Undefined Weak Reference
    __alloca_initialize                       - Undefined Weak Reference
    __arm_preinit_                            - Undefined Weak Reference
    __cpp_initialize__aeabi_                  - Undefined Weak Reference
    __cxa_finalize                            - Undefined Weak Reference
    __rt_locale                               - Undefined Weak Reference
    __sigvec_lookup                           - Undefined Weak Reference
    _atexit_init                              - Undefined Weak Reference
    _call_atexit_fns                          - Undefined Weak Reference
    _clock_init                               - Undefined Weak Reference
    _fp_trap_init                             - Undefined Weak Reference
    _fp_trap_shutdown                         - Undefined Weak Reference
    _get_lc_collate                           - Undefined Weak Reference
    _get_lc_ctype                             - Undefined Weak Reference
    _get_lc_monetary                          - Undefined Weak Reference
    _get_lc_numeric                           - Undefined Weak Reference
    _get_lc_time                              - Undefined Weak Reference
    _getenv_init                              - Undefined Weak Reference
    _handle_redirection                       - Undefined Weak Reference
    _init_alloc                               - Undefined Weak Reference
    _init_user_alloc                          - Undefined Weak Reference
    _initio                                   - Undefined Weak Reference
    _rand_init                                - Undefined Weak Reference
    _signal_finish                            - Undefined Weak Reference
    _signal_init                              - Undefined Weak Reference
    _terminate_alloc                          - Undefined Weak Reference
    _terminate_user_alloc                     - Undefined Weak Reference
    _terminateio                              - Undefined Weak Reference
    __Vectors_End                            0x0000026c   Data           0  startup.o(RESET)
    __Vectors_Size                           0x0000026c   Number         0  startup.o ABSOLUTE
    __main                                   0x0000026d   Thumb Code     8  __main.o(!!!main)
    __scatterload                            0x00000275   Thumb Code     0  __scatter.o(!!!scatter)
    __scatterload_rt2                        0x00000275   Thumb Code    44  __scatter.o(!!!scatter)
    __scatterload_rt2_thumb_only             0x00000275   Thumb Code     0  __scatter.o(!!!scatter)
    __scatterload_null                       0x00000283   Thumb Code     0  __scatter.o(!!!scatter)
    __decompress                             0x000002a9   Thumb Code    90  __dczerorl2.o(!!dczerorl2)
    __decompress1                            0x000002a9   Thumb Code     0  __dczerorl2.o(!!dczerorl2)
    __scatterload_zeroinit                   0x00000305   Thumb Code    28  __scatter_zi.o(!!handler_zi)
    __rt_lib_init                            0x00000321   Thumb Code     0  libinit.o(.ARM.Collect$$libinit$$00000000)
    __rt_lib_init_fp_1                       0x00000323   Thumb Code     0  libinit2.o(.ARM.Collect$$libinit$$00000001)
    __rt_lib_init_alloca_1                   0x00000327   Thumb Code     0  libinit2.o(.ARM.Collect$$libinit$$0000002E)
    __rt_lib_init_argv_1                     0x00000327   Thumb Code     0  libinit2.o(.ARM.Collect$$libinit$$0000002C)
    __rt_lib_init_atexit_1                   0x00000327   Thumb Code     0  libinit2.o(.ARM.Collect$$libinit$$0000001B)
    __rt_lib_init_clock_1                    0x00000327   Thumb Code     0  libinit2.o(.ARM.Collect$$libinit$$00000021)
    __rt_lib_init_cpp_1                      0x00000327   Thumb Code     0  libinit2.o(.ARM.Collect$$libinit$$00000032)
    __rt_lib_init_exceptions_1               0x00000327   Thumb Code     0  libinit2.o(.ARM.Collect$$libinit$$00000030)
    __rt_lib_init_fp_trap_1                  0x00000327   Thumb Code     0  libinit2.o(.ARM.Collect$$libinit$$0000001F)
    __rt_lib_init_getenv_1                   0x00000327   Thumb Code     0  libinit2.o(.ARM.Collect$$libinit$$00000023)
    __rt_lib_init_heap_1                     0x00000327   Thumb Code     0  libinit2.o(.ARM.Collect$$libinit$$0000000A)
    __rt_lib_init_lc_collate_1               0x00000327   Thumb Code     0  libinit2.o(.ARM.Collect$$libinit$$00000011)
    __rt_lib_init_lc_ctype_1                 0x00000327   Thumb Code     0  libinit2.o(.ARM.Collect$$libinit$$00000013)
    __rt_lib_init_lc_monetary_1              0x00000327   Thumb Code     0  libinit2.o(.ARM.Collect$$libinit$$00000015)
    __rt_lib_init_lc_numeric_1               0x00000327   Thumb Code     0  libinit2.o(.ARM.Collect$$libinit$$00000017)
    __rt_lib_init_lc_time_1                  0x00000327   Thumb Code     0  libinit2.o(.ARM.Collect$$libinit$$00000019)
    __rt_lib_init_preinit_1                  0x00000327   Thumb Code     0  libinit2.o(.ARM.Collect$$libinit$$00000004)
    __rt_lib_init_rand_1                     0x00000327   Thumb Code     0  libinit2.o(.ARM.Collect$$libinit$$0000000E)
    __rt_lib_init_return                     0x00000327   Thumb Code     0  libinit2.o(.ARM.Collect$$libinit$$00000033)
    __rt_lib_init_signal_1                   0x00000327   Thumb Code     0  libinit2.o(.ARM.Collect$$libinit$$0000001D)
    __rt_lib_init_stdio_1                    0x00000327   Thumb Code     0  libinit2.o(.ARM.Collect$$libinit$$00000025)
    __rt_lib_init_user_alloc_1               0x00000327   Thumb Code     0  libinit2.o(.ARM.Collect$$libinit$$0000000C)
    __rt_lib_shutdown                        0x00000329   Thumb Code     0  libshutdown.o(.ARM.Collect$$libshutdown$$00000000)
    __rt_lib_shutdown_cpp_1                  0x0000032b   Thumb Code     0  libshutdown2.o(.ARM.Collect$$libshutdown$$00000002)
    __rt_lib_shutdown_fp_trap_1              0x0000032b   Thumb Code     0  libshutdown2.o(.ARM.Collect$$libshutdown$$00000007)
    __rt_lib_shutdown_heap_1                 0x0000032b   Thumb Code     0  libshutdown2.o(.ARM.Collect$$libshutdown$$0000000F)
    __rt_lib_shutdown_return                 0x0000032b   Thumb Code     0  libshutdown2.o(.ARM.Collect$$libshutdown$$00000010)
    __rt_lib_shutdown_signal_1               0x0000032b   Thumb Code     0  libshutdown2.o(.ARM.Collect$$libshutdown$$0000000A)
    __rt_lib_shutdown_stdio_1                0x0000032b   Thumb Code     0  libshutdown2.o(.ARM.Collect$$libshutdown$$00000004)
    __rt_lib_shutdown_user_alloc_1           0x0000032b   Thumb Code     0  libshutdown2.o(.ARM.Collect$$libshutdown$$0000000C)
    __rt_entry                               0x0000032d   Thumb Code     0  __rtentry.o(.ARM.Collect$$rtentry$$00000000)
    __rt_entry_presh_1                       0x0000032d   Thumb Code     0  __rtentry2.o(.ARM.Collect$$rtentry$$00000002)
    __rt_entry_sh                            0x0000032d   Thumb Code     0  __rtentry4.o(.ARM.Collect$$rtentry$$00000004)
    __rt_entry_li                            0x00000333   Thumb Code     0  __rtentry2.o(.ARM.Collect$$rtentry$$0000000A)
    __rt_entry_postsh_1                      0x00000333   Thumb Code     0  __rtentry2.o(.ARM.Collect$$rtentry$$00000009)
    __rt_entry_main                          0x00000337   Thumb Code     0  __rtentry2.o(.ARM.Collect$$rtentry$$0000000D)
    __rt_entry_postli_1                      0x00000337   Thumb Code     0  __rtentry2.o(.ARM.Collect$$rtentry$$0000000C)
    __rt_exit                                0x0000033f   Thumb Code     0  rtexit.o(.ARM.Collect$$rtexit$$00000000)
    __rt_exit_ls                             0x00000341   Thumb Code     0  rtexit2.o(.ARM.Collect$$rtexit$$00000003)
    __rt_exit_prels_1                        0x00000341   Thumb Code     0  rtexit2.o(.ARM.Collect$$rtexit$$00000002)
    __rt_exit_exit                           0x00000345   Thumb Code     0  rtexit2.o(.ARM.Collect$$rtexit$$00000004)
    Reset_Handler                            0x0000034d   Thumb Code     0  startup.o(.text)
    NMI_Handler                              0x00000361   Thumb Code     2  startup.o(.text)
    HardFault_Handler                        0x00000363   Thumb Code     2  startup.o(.text)
    MemManage_Handler                        0x00000365   Thumb Code     2  startup.o(.text)
    BusFault_Handler                         0x00000367   Thumb Code     2  startup.o(.text)
    UsageFault_Handler                       0x00000369   Thumb Code     2  startup.o(.text)
    SVC_Handler                              0x0000036b   Thumb Code     2  startup.o(.text)
    DebugMon_Handler                         0x0000036d   Thumb Code     2  startup.o(.text)
    PendSV_Handler                           0x0000036f   Thumb Code     2  startup.o(.text)
    SysTick_Handler                          0x00000371   Thumb Code     2  startup.o(.text)
    ADC0SS0_Handler                          0x00000373   Thumb Code     0  startup.o(.text)
    ADC0SS1_Handler                          0x00000373   Thumb Code     0  startup.o(.text)
    ADC0SS2_Handler                          0x00000373   Thumb Code     0  startup.o(.text)
    ADC0SS3_Handler                          0x00000373   Thumb Code     0  startup.o(.text)
    ADC1SS0_Handler                          0x00000373   Thumb Code     0  startup.o(.text)
    ADC1SS1_Handler                          0x00000373   Thumb Code     0  startup.o(.text)
    ADC1SS2_Handler                          0x00000373   Thumb Code     0  startup.o(.text)
    ADC1SS3_Handler                          0x00000373   Thumb Code     0  startup.o(.text)
    CAN0_Handler                             0x00000373   Thumb Code     0  startup.o(.text)
    CAN1_Handler                             0x00000373   Thumb Code     0  startup.o(.text)
    CAN2_Handler                             0x00000373   Thumb Code     0  startup.o(.text)
    COMP0_Handler                            0x00000373   Thumb Code     0  startup.o(.text)
    COMP1_Handler                            0x00000373   Thumb Code     0  startup.o(.text)
    COMP2_Handler                            0x00000373   Thumb Code     0  startup.o(.text)
    FLASH_Handler                            0x00000373   Thumb Code     0  startup.o(.text)
    FPU_Handler                              0x00000373   Thumb Code     0  startup.o(.text)
    GPIOA_Handler                            0x00000373   Thumb Code     0  startup.o(.text)
    GPIOB_Handler                            0x00000373   Thumb Code     0  startup.o(.text)
    GPIOC_Handler                            0x00000373   Thumb Code     0  startup.o(.text)
    GPIOD_Handler                            0x00000373   Thumb Code     0  startup.o(.text)
    GPIOE_Handler                            0x00000373   Thumb Code     0  startup.o(.text)
    GPIOF_Handler                            0x00000373   Thumb Code     0  startup.o(.text)
    GPIOG_Handler                            0x00000373   Thumb Code     0  startup.o(.text)
    GPIOH_Handler                            0x00000373   Thumb Code     0  startup.o(.text)
    GPIOJ_Handler                            0x00000373   Thumb Code     0  startup.o(.text)
    GPIOK_Handler                            0x00000373   Thumb Code     0  startup.o(.text)
    GPIOL_Handler                            0x00000373   Thumb Code     0  startup.o(.text)
    GPIOM_Handler                            0x00000373   Thumb Code     0  startup.o(.text)
    GPION_Handler                            0x00000373   Thumb Code     0  startup.o(.text)
    GPIOP0_Handler                           0x00000373   Thumb Code     0  startup.o(.text)
    GPIOP1_Handler                           0x00000373   Thumb Code     0  startup.o(.text)
    GPIOP2_Handler                           0x00000373   Thumb Code     0  startup.o(.text)
    GPIOP3_Handler                           0x00000373   Thumb Code     0  startup.o(.text)
    GPIOP4_Handler                           0x00000373   Thumb Code     0  startup.o(.text)
    GPIOP5_Handler                           0x00000373   Thumb Code     0  startup.o(.text)
    GPIOP6_Handler                           0x00000373   Thumb Code     0  startup.o(.text)
    GPIOP7_Handler                           0x00000373   Thumb Code     0  startup.o(.text)
    GPIOQ0_Handler                           0x00000373   Thumb Code     0  startup.o(.text)
    GPIOQ1_Handler                           0x00000373   Thumb Code     0  startup.o(.text)
    GPIOQ2_Handler                           0x00000373   Thumb Code     0  startup.o(.text)
    GPIOQ3_Handler                           0x00000373   Thumb Code     0  startup.o(.text)
    GPIOQ4_Handler                           0x00000373   Thumb Code     0  startup.o(.text)
    GPIOQ5_Handler                           0x00000373   Thumb Code     0  startup.o(.text)
    GPIOQ6_Handler                           0x00000373   Thumb Code     0  startup.o(.text)
    GPIOQ7_Handler                           0x00000373   Thumb Code     0  startup.o(.text)
    GPIOR_Handler                            0x00000373   Thumb Code     0  startup.o(.text)
    GPIOS_Handler                            0x00000373   Thumb Code     0  startup.o(.text)
    HIB_Handler                              0x00000373   Thumb Code     0  startup.o(.text)
    I2C0_Handler                             0x00000373   Thumb Code     0  startup.o(.text)
    I2C1_Handler                             0x00000373   Thumb Code     0  startup.o(.text)
    I2C2_Handler                             0x00000373   Thumb Code     0  startup.o(.text)
    I2C3_Handler                             0x00000373   Thumb Code     0  startup.o(.text)
    I2C4_Handler                             0x00000373   Thumb Code     0  startup.o(.text)
    I2C5_Handler                             0x00000373   Thumb Code     0  startup.o(.text)
    PWM0_0_Handler                           0x00000373   Thumb Code     0  startup.o(.text)
    PWM0_1_Handler                           0x00000373   Thumb Code     0  startup.o(.text)
    PWM0_2_Handler                           0x00000373   Thumb Code     0  startup.o(.text)
    PWM0_3_Handler                           0x00000373   Thumb Code     0  startup.o(.text)
    PWM0_FAULT_Handler                       0x00000373   Thumb Code     0  startup.o(.text)
    PWM1_0_Handler                           0x00000373   Thumb Code     0  startup.o(.text)
    PWM1_1_Handler                           0x00000373   Thumb Code     0  startup.o(.text)
    PWM1_2_Handler                           0x00000373   Thumb Code     0  startup.o(.text)
    PWM1_3_Handler                           0x00000373   Thumb Code     0  startup.o(.text)
    PWM1_FAULT_Handler                       0x00000373   Thumb Code     0  startup.o(.text)
    QEI0_Handler                             0x00000373   Thumb Code     0  startup.o(.text)
    QEI1_Handler                             0x00000373   Thumb Code     0  startup.o(.text)
    QEI2_Handler                             0x00000373   Thumb Code     0  startup.o(.text)
    SSI0_Handler                             0x00000373   Thumb Code     0  startup.o(.text)
    SSI1_Handler                             0x00000373   Thumb Code     0  startup.o(.text)
    SSI2_Handler                             0x00000373   Thumb Code     0  startup.o(.text)
    SSI3_Handler                             0x00000373   Thumb Code     0  startup.o(.text)
    SYSCTL_Handler                           0x00000373   Thumb Code     0  startup.o(.text)
    TIMER0A_Handler                          0x00000373   Thumb Code     0  startup.o(.text)
    TIMER0B_Handler                          0x00000373   Thumb Code     0  startup.o(.text)
    TIMER1A_Handler                          0x00000373   Thumb Code     0  startup.o(.text)
    TIMER1B_Handler                          0x00000373   Thumb Code     0  startup.o(.text)
    TIMER2A_Handler                          0x00000373   Thumb Code     0  startup.o(.text)
    TIMER2B_Handler                          0x00000373   Thumb Code     0  startup.o(.text)
    TIMER3A_Handler                          0x00000373   Thumb Code     0  startup.o(.text)
    TIMER3B_Handler                          0x00000373   Thumb Code     0  startup.o(.text)
    TIMER4A_Handler                          0x00000373   Thumb Code     0  startup.o(.text)
    TIMER4B_Handler                          0x00000373   Thumb Code     0  startup.o(.text)
    TIMER5A_Handler                          0x00000373   Thumb Code     0  startup.o(.text)
    TIMER5B_Handler                          0x00000373   Thumb Code     0  startup.o(.text)
    UART0_Handler                            0x00000373   Thumb Code     0  startup.o(.text)
    UART1_Handler                            0x00000373   Thumb Code     0  startup.o(.text)
    UART2_Handler                            0x00000373   Thumb Code     0  startup.o(.text)
    UART3_Handler                            0x00000373   Thumb Code     0  startup.o(.text)
    UART4_Handler                            0x00000373   Thumb Code     0  startup.o(.text)
    UART5_Handler                            0x00000373   Thumb Code     0  startup.o(.text)
    UART6_Handler                            0x00000373   Thumb Code     0  startup.o(.text)
    UART7_Handler                            0x00000373   Thumb Code     0  startup.o(.text)
    UDMAERR_Handler                          0x00000373   Thumb Code     0  startup.o(.text)
    UDMA_Handler                             0x00000373   Thumb Code     0  startup.o(.text)
    USB0_Handler                             0x00000373   Thumb Code     0  startup.o(.text)
    WDT0_Handler                             0x00000373   Thumb Code     0  startup.o(.text)
    WTIMER0A_Handler                         0x00000373   Thumb Code     0  startup.o(.text)
    WTIMER0B_Handler                         0x00000373   Thumb Code     0  startup.o(.text)
    WTIMER1A_Handler                         0x00000373   Thumb Code     0  startup.o(.text)
    WTIMER1B_Handler                         0x00000373   Thumb Code     0  startup.o(.text)
    WTIMER2A_Handler                         0x00000373   Thumb Code     0  startup.o(.text)
    WTIMER2B_Handler                         0x00000373   Thumb Code     0  startup.o(.text)
    WTIMER3A_Handler                         0x00000373   Thumb Code     0  startup.o(.text)
    WTIMER3B_Handler                         0x00000373   Thumb Code     0  startup.o(.text)
    WTIMER4A_Handler                         0x00000373   Thumb Code     0  startup.o(.text)
    WTIMER4B_Handler                         0x00000373   Thumb Code     0  startup.o(.text)
    WTIMER5A_Handler                         0x00000373   Thumb Code     0  startup.o(.text)
    WTIMER5B_Handler                         0x00000373   Thumb Code     0  startup.o(.text)
    DisableInterrupts                        0x00000375   Thumb Code     0  startup.o(.text)
    EnableInterrupts                         0x00000379   Thumb Code     0  startup.o(.text)
    StartCritical                            0x0000037d   Thumb Code     0  startup.o(.text)
    EndCritical                              0x00000385   Thumb Code     0  startup.o(.text)
    WaitForInterrupt                         0x0000038b   Thumb Code     0  startup.o(.text)
    __user_initial_stackheap                 0x0000038f   Thumb Code     0  startup.o(.text)
    main                                     0x000003a5   Thumb Code    76  main.o(.text)
    mainLoop                                 0x000003f1   Thumb Code   116  main.o(.text)
    mainISR                                  0x00000465   Thumb Code    12  main.o(.text)
    updateControlls                          0x00000471   Thumb Code    14  main.o(.text)
    setupTimerForMain                        0x000004d1   Thumb Code   134  timermain.o(.text)
    clearTimerInterrupt                      0x00000557   Thumb Code    14  timermain.o(.text)
    setupTimerInterrupt                      0x00000565   Thumb Code    60  timermain.o(.text)
    processBluetoothCommand                  0x000005b5   Thumb Code    34  btcommunication.o(.text)
    bluetoothISR                             0x000005d7   Thumb Code    20  btcommunication.o(.text)
    setupUARTforBluetooth                    0x000005ed   Thumb Code   202  uartbluetooth.o(.text)
    setupBluetoothInterrupt                  0x000006b7   Thumb Code    82  uartbluetooth.o(.text)
    readBluetooth                            0x00000709   Thumb Code    22  uartbluetooth.o(.text)
    writeBluetooth                           0x0000071f   Thumb Code    32  uartbluetooth.o(.text)
    clearBluetoothInterrupt                  0x0000073f   Thumb Code    14  uartbluetooth.o(.text)
    setupUARTforUSB                          0x0000076d   Thumb Code   192  uartusb.o(.text)
    readUSB                                  0x0000082d   Thumb Code    22  uartusb.o(.text)
    writeUSB                                 0x00000843   Thumb Code    20  uartusb.o(.text)
    printString                              0x00000857   Thumb Code    22  uartusb.o(.text)
    printNum                                 0x0000086d   Thumb Code    62  uartusb.o(.text)
    printDec                                 0x000008ab   Thumb Code    64  uartusb.o(.text)
    setupSysTick                             0x00000925   Thumb Code    58  timersystem.o(.text)
    wait                                     0x0000095f   Thumb Code    26  timersystem.o(.text)
    waitUS                                   0x00000979   Thumb Code    12  timersystem.o(.text)
    setupGPIOforOnboardLED                   0x00000985   Thumb Code    80  gpioled.o(.text)
    enableOnboardLED                         0x000009d5   Thumb Code    18  gpioled.o(.text)
    disableOnboardLED                        0x000009e7   Thumb Code    18  gpioled.o(.text)
    pulseLED                                 0x00000a0d   Thumb Code    82  ircommunication.o(.text)
    sendIR                                   0x00000a5f   Thumb Code    86  ircommunication.o(.text)
    messagePause                             0x00000ab5   Thumb Code    60  ircommunication.o(.text)
    sendIRMotorSpeed                         0x00000af1   Thumb Code    74  ircommunication.o(.text)
    setupI2CforCompassA                      0x00000b45   Thumb Code   148  i2ccompassa.o(.text)
    writeCompassA                            0x00000bd9   Thumb Code    54  i2ccompassa.o(.text)
    setupCompassA                            0x00000c0f   Thumb Code    62  i2ccompassa.o(.text)
    readCompassA                             0x00000c4d   Thumb Code    62  i2ccompassa.o(.text)
    setupI2CforCompassB                      0x00000ca5   Thumb Code   148  i2ccompassb.o(.text)
    writeCompassB                            0x00000d39   Thumb Code    54  i2ccompassb.o(.text)
    setupCompassB                            0x00000d6f   Thumb Code    62  i2ccompassb.o(.text)
    readCompassB                             0x00000dad   Thumb Code    62  i2ccompassb.o(.text)
    binarySearchIndex                        0x00000e05   Thumb Code    86  atanlookuptable.o(.text)
    inversetan                               0x00000e5b   Thumb Code    36  atanlookuptable.o(.text)
    getCompassAX                             0x00000e89   Thumb Code    26  compassmeasurements.o(.text)
    getCompassAY                             0x00000ea3   Thumb Code    26  compassmeasurements.o(.text)
    getCompassAZ                             0x00000ebd   Thumb Code    26  compassmeasurements.o(.text)
    getCompassBX                             0x00000ed7   Thumb Code    26  compassmeasurements.o(.text)
    getCompassBY                             0x00000ef1   Thumb Code    26  compassmeasurements.o(.text)
    getCompassBZ                             0x00000f0b   Thumb Code    26  compassmeasurements.o(.text)
    getHeading                               0x00000f25   Thumb Code    60  compassmeasurements.o(.text)
    getCompassAHeading                       0x00000f61   Thumb Code    42  compassmeasurements.o(.text)
    getCompassBHeading                       0x00000f8b   Thumb Code    42  compassmeasurements.o(.text)
    getDifferenceInHeading                   0x00000fb5   Thumb Code    24  compassmeasurements.o(.text)
    calibrateSensors                         0x00000fcd   Thumb Code   182  compassmeasurements.o(.text)
    setupGPIOforLED                          0x00001085   Thumb Code    80  glioledir.o(.text)
    disableLED                               0x000010d5   Thumb Code    18  glioledir.o(.text)
    enableLED                                0x000010e7   Thumb Code    18  glioledir.o(.text)
    setLED                                   0x000010f9   Thumb Code    18  glioledir.o(.text)
    __aeabi_memclr4                          0x00001121   Thumb Code     0  rt_memclr_w.o(.text)
    __aeabi_memclr8                          0x00001121   Thumb Code     0  rt_memclr_w.o(.text)
    __rt_memclr_w                            0x00001121   Thumb Code    78  rt_memclr_w.o(.text)
    _memset_w                                0x00001125   Thumb Code     0  rt_memclr_w.o(.text)
    __use_two_region_memory                  0x0000116f   Thumb Code     2  heapauxi.o(.text)
    __rt_heap_escrow$2region                 0x00001171   Thumb Code     2  heapauxi.o(.text)
    __rt_heap_expand$2region                 0x00001173   Thumb Code     2  heapauxi.o(.text)
    __user_setup_stackheap                   0x00001175   Thumb Code    74  sys_stackheap_outer.o(.text)
    exit                                     0x000011bf   Thumb Code    18  exit.o(.text)
    __user_libspace                          0x000011d1   Thumb Code     8  libspace.o(.text)
    __user_perproc_libspace                  0x000011d1   Thumb Code     0  libspace.o(.text)
    __user_perthread_libspace                0x000011d1   Thumb Code     0  libspace.o(.text)
    _sys_exit                                0x000011d9   Thumb Code     8  sys_exit.o(.text)
    __I$use$semihosting                      0x000011e5   Thumb Code     0  use_no_semi.o(.text)
    __use_no_semihosting_swi                 0x000011e5   Thumb Code     2  use_no_semi.o(.text)
    __semihosting_library_function           0x000011e7   Thumb Code     0  indicate_semi.o(.text)
    _fp_init                                 0x000011e7   Thumb Code    10  fpinit.o(x$fpl$fpinit)
    __fplib_config_fpu_vfp                   0x000011ef   Thumb Code     0  fpinit.o(x$fpl$fpinit)
    __fplib_config_pureend_doubles           0x000011ef   Thumb Code     0  fpinit.o(x$fpl$fpinit)
    Region$$Table$$Base                      0x000011f0   Number         0  anon$$obj.o(Region$$Table)
    Region$$Table$$Limit                     0x00001210   Number         0  anon$$obj.o(Region$$Table)
    speed                                    0x20000000   Data           4  main.o(.data)
    direction                                0x20000004   Data           4  main.o(.data)
    maxBend                                  0x20000008   Data           4  main.o(.data)
    ratios                                   0x2000000c   Data         724  atanlookuptable.o(.data)
    degrees                                  0x200002e0   Data         724  atanlookuptable.o(.data)
    centers                                  0x200005b4   Data          24  main.o(.bss)
    __libspace_start                         0x200005cc   Data          96  libspace.o(.bss)
    __temporary_stack_top$libspace           0x2000062c   Data           0  libspace.o(.bss)



==============================================================================

Memory Map of the image

  Image Entry point : 0x0000034d

  Load Region LR_1 (Base: 0x00000000, Size: 0x000017c4, Max: 0xffffffff, ABSOLUTE, COMPRESSED[0x0000168c])

    Execution Region ER_RO (Base: 0x00000000, Size: 0x00001210, Max: 0xffffffff, ABSOLUTE)

    Base Addr    Size         Type   Attr      Idx    E Section Name        Object

    0x00000000   0x0000026c   Code   RO            3    RESET               startup.o
    0x0000026c   0x00000008   Code   RO          191  * !!!main             c_w.l(__main.o)
    0x00000274   0x00000034   Code   RO          350    !!!scatter          c_w.l(__scatter.o)
    0x000002a8   0x0000005a   Code   RO          348    !!dczerorl2         c_w.l(__dczerorl2.o)
    0x00000302   0x00000002   PAD
    0x00000304   0x0000001c   Code   RO          352    !!handler_zi        c_w.l(__scatter_zi.o)
    0x00000320   0x00000002   Code   RO          218    .ARM.Collect$$libinit$$00000000  c_w.l(libinit.o)
    0x00000322   0x00000004   Code   RO          224    .ARM.Collect$$libinit$$00000001  c_w.l(libinit2.o)
    0x00000326   0x00000000   Code   RO          227    .ARM.Collect$$libinit$$00000004  c_w.l(libinit2.o)
    0x00000326   0x00000000   Code   RO          230    .ARM.Collect$$libinit$$0000000A  c_w.l(libinit2.o)
    0x00000326   0x00000000   Code   RO          232    .ARM.Collect$$libinit$$0000000C  c_w.l(libinit2.o)
    0x00000326   0x00000000   Code   RO          234    .ARM.Collect$$libinit$$0000000E  c_w.l(libinit2.o)
    0x00000326   0x00000000   Code   RO          237    .ARM.Collect$$libinit$$00000011  c_w.l(libinit2.o)
    0x00000326   0x00000000   Code   RO          239    .ARM.Collect$$libinit$$00000013  c_w.l(libinit2.o)
    0x00000326   0x00000000   Code   RO          241    .ARM.Collect$$libinit$$00000015  c_w.l(libinit2.o)
    0x00000326   0x00000000   Code   RO          243    .ARM.Collect$$libinit$$00000017  c_w.l(libinit2.o)
    0x00000326   0x00000000   Code   RO          245    .ARM.Collect$$libinit$$00000019  c_w.l(libinit2.o)
    0x00000326   0x00000000   Code   RO          247    .ARM.Collect$$libinit$$0000001B  c_w.l(libinit2.o)
    0x00000326   0x00000000   Code   RO          249    .ARM.Collect$$libinit$$0000001D  c_w.l(libinit2.o)
    0x00000326   0x00000000   Code   RO          251    .ARM.Collect$$libinit$$0000001F  c_w.l(libinit2.o)
    0x00000326   0x00000000   Code   RO          253    .ARM.Collect$$libinit$$00000021  c_w.l(libinit2.o)
    0x00000326   0x00000000   Code   RO          255    .ARM.Collect$$libinit$$00000023  c_w.l(libinit2.o)
    0x00000326   0x00000000   Code   RO          257    .ARM.Collect$$libinit$$00000025  c_w.l(libinit2.o)
    0x00000326   0x00000000   Code   RO          261    .ARM.Collect$$libinit$$0000002C  c_w.l(libinit2.o)
    0x00000326   0x00000000   Code   RO          263    .ARM.Collect$$libinit$$0000002E  c_w.l(libinit2.o)
    0x00000326   0x00000000   Code   RO          265    .ARM.Collect$$libinit$$00000030  c_w.l(libinit2.o)
    0x00000326   0x00000000   Code   RO          267    .ARM.Collect$$libinit$$00000032  c_w.l(libinit2.o)
    0x00000326   0x00000002   Code   RO          268    .ARM.Collect$$libinit$$00000033  c_w.l(libinit2.o)
    0x00000328   0x00000002   Code   RO          288    .ARM.Collect$$libshutdown$$00000000  c_w.l(libshutdown.o)
    0x0000032a   0x00000000   Code   RO          301    .ARM.Collect$$libshutdown$$00000002  c_w.l(libshutdown2.o)
    0x0000032a   0x00000000   Code   RO          303    .ARM.Collect$$libshutdown$$00000004  c_w.l(libshutdown2.o)
    0x0000032a   0x00000000   Code   RO          306    .ARM.Collect$$libshutdown$$00000007  c_w.l(libshutdown2.o)
    0x0000032a   0x00000000   Code   RO          309    .ARM.Collect$$libshutdown$$0000000A  c_w.l(libshutdown2.o)
    0x0000032a   0x00000000   Code   RO          311    .ARM.Collect$$libshutdown$$0000000C  c_w.l(libshutdown2.o)
    0x0000032a   0x00000000   Code   RO          314    .ARM.Collect$$libshutdown$$0000000F  c_w.l(libshutdown2.o)
    0x0000032a   0x00000002   Code   RO          315    .ARM.Collect$$libshutdown$$00000010  c_w.l(libshutdown2.o)
    0x0000032c   0x00000000   Code   RO          193    .ARM.Collect$$rtentry$$00000000  c_w.l(__rtentry.o)
    0x0000032c   0x00000000   Code   RO          195    .ARM.Collect$$rtentry$$00000002  c_w.l(__rtentry2.o)
    0x0000032c   0x00000006   Code   RO          207    .ARM.Collect$$rtentry$$00000004  c_w.l(__rtentry4.o)
    0x00000332   0x00000000   Code   RO          197    .ARM.Collect$$rtentry$$00000009  c_w.l(__rtentry2.o)
    0x00000332   0x00000004   Code   RO          198    .ARM.Collect$$rtentry$$0000000A  c_w.l(__rtentry2.o)
    0x00000336   0x00000000   Code   RO          200    .ARM.Collect$$rtentry$$0000000C  c_w.l(__rtentry2.o)
    0x00000336   0x00000008   Code   RO          201    .ARM.Collect$$rtentry$$0000000D  c_w.l(__rtentry2.o)
    0x0000033e   0x00000002   Code   RO          222    .ARM.Collect$$rtexit$$00000000  c_w.l(rtexit.o)
    0x00000340   0x00000000   Code   RO          270    .ARM.Collect$$rtexit$$00000002  c_w.l(rtexit2.o)
    0x00000340   0x00000004   Code   RO          271    .ARM.Collect$$rtexit$$00000003  c_w.l(rtexit2.o)
    0x00000344   0x00000006   Code   RO          272    .ARM.Collect$$rtexit$$00000004  c_w.l(rtexit2.o)
    0x0000034a   0x00000002   PAD
    0x0000034c   0x00000058   Code   RO            4  * .text               startup.o
    0x000003a4   0x0000012c   Code   RO           12    .text               main.o
    0x000004d0   0x000000e4   Code   RO           38    .text               timermain.o
    0x000005b4   0x00000036   Code   RO           50    .text               btcommunication.o
    0x000005ea   0x00000002   PAD
    0x000005ec   0x00000180   Code   RO           62    .text               uartbluetooth.o
    0x0000076c   0x000001b8   Code   RO           74    .text               uartusb.o
    0x00000924   0x00000060   Code   RO           86    .text               timersystem.o
    0x00000984   0x00000088   Code   RO           98    .text               gpioled.o
    0x00000a0c   0x00000138   Code   RO          110    .text               ircommunication.o
    0x00000b44   0x00000160   Code   RO          122    .text               i2ccompassa.o
    0x00000ca4   0x00000160   Code   RO          134    .text               i2ccompassb.o
    0x00000e04   0x00000084   Code   RO          146    .text               atanlookuptable.o
    0x00000e88   0x000001fa   Code   RO          161    .text               compassmeasurements.o
    0x00001082   0x00000002   PAD
    0x00001084   0x0000009c   Code   RO          173    .text               glioledir.o
    0x00001120   0x0000004e   Code   RO          187    .text               c_w.l(rt_memclr_w.o)
    0x0000116e   0x00000006   Code   RO          189    .text               c_w.l(heapauxi.o)
    0x00001174   0x0000004a   Code   RO          209    .text               c_w.l(sys_stackheap_outer.o)
    0x000011be   0x00000012   Code   RO          211    .text               c_w.l(exit.o)
    0x000011d0   0x00000008   Code   RO          219    .text               c_w.l(libspace.o)
    0x000011d8   0x0000000c   Code   RO          280    .text               c_w.l(sys_exit.o)
    0x000011e4   0x00000002   Code   RO          291    .text               c_w.l(use_no_semi.o)
    0x000011e6   0x00000000   Code   RO          293    .text               c_w.l(indicate_semi.o)
    0x000011e6   0x0000000a   Code   RO          278    x$fpl$fpinit        fz_wm.l(fpinit.o)
    0x000011f0   0x00000020   Data   RO          346    Region$$Table       anon$$obj.o


    Execution Region ER_RW (Base: 0x20000000, Size: 0x000005b4, Max: 0xffffffff, ABSOLUTE, COMPRESSED[0x0000047c])

    Base Addr    Size         Type   Attr      Idx    E Section Name        Object

    0x20000000   0x0000000c   Data   RW           14    .data               main.o
    0x2000000c   0x000005a8   Data   RW          147    .data               atanlookuptable.o


    Execution Region ER_ZI (Base: 0x200005b4, Size: 0x0000047c, Max: 0xffffffff, ABSOLUTE)

    Base Addr    Size         Type   Attr      Idx    E Section Name        Object

    0x200005b4   0x00000018   Zero   RW           13    .bss                main.o
    0x200005cc   0x00000060   Zero   RW          220    .bss                c_w.l(libspace.o)
    0x2000062c   0x00000004   PAD
    0x20000630   0x00000000   Zero   RW            2    HEAP                startup.o
    0x20000630   0x00000400   Zero   RW            1    STACK               startup.o


==============================================================================

Image component sizes


      Code (inc. data)   RO Data    RW Data    ZI Data      Debug   Object Name

       132         10          0       1448          0       1800   atanlookuptable.o
        54          0          0          0          0        831   btcommunication.o
       506          0          0          0          0       3013   compassmeasurements.o
       156         22          0          0          0       1026   glioledir.o
       136         20          0          0          0        884   gpioled.o
       352         26          0          0          0       1463   i2ccompassa.o
       352         26          0          0          0       1463   i2ccompassb.o
       312         10          0          0          0       1932   ircommunication.o
       300         82          0         12         24       3366   main.o
       708        632          0          0       1024       1168   startup.o
       228         20          0          0          0        944   timermain.o
        96          0          0          0          0       1039   timersystem.o
       384         32          0          0          0       1541   uartbluetooth.o
       440         58          0          0          0       2029   uartusb.o

    ----------------------------------------------------------------------
      4160        938         32       1460       1048      22499   Object Totals
         0          0         32          0          0          0   (incl. Generated)
         4          0          0          0          0          0   (incl. Padding)

    ----------------------------------------------------------------------

      Code (inc. data)   RO Data    RW Data    ZI Data      Debug   Library Member Name

        90          0          0          0          0          0   __dczerorl2.o
         8          0          0          0          0         68   __main.o
         0          0          0          0          0          0   __rtentry.o
        12          0          0          0          0          0   __rtentry2.o
         6          0          0          0          0          0   __rtentry4.o
        52          8          0          0          0          0   __scatter.o
        28          0          0          0          0          0   __scatter_zi.o
        18          0          0          0          0         80   exit.o
         6          0          0          0          0        152   heapauxi.o
         0          0          0          0          0          0   indicate_semi.o
         2          0          0          0          0          0   libinit.o
         6          0          0          0          0          0   libinit2.o
         2          0          0          0          0          0   libshutdown.o
         2          0          0          0          0          0   libshutdown2.o
         8          4          0          0         96         68   libspace.o
        78          0          0          0          0         80   rt_memclr_w.o
         2          0          0          0          0          0   rtexit.o
        10          0          0          0          0          0   rtexit2.o
        12          4          0          0          0         68   sys_exit.o
        74          0          0          0          0         80   sys_stackheap_outer.o
         2          0          0          0          0         68   use_no_semi.o
        10          0          0          0          0        116   fpinit.o

    ----------------------------------------------------------------------
       432         16          0          0        100        780   Library Totals
         4          0          0          0          4          0   (incl. Padding)

    ----------------------------------------------------------------------

      Code (inc. data)   RO Data    RW Data    ZI Data      Debug   Library Name

       418         16          0          0         96        664   c_w.l
        10          0          0          0          0        116   fz_wm.l

    ----------------------------------------------------------------------
       432         16          0          0        100        780   Library Totals

    ----------------------------------------------------------------------

==============================================================================


      Code (inc. data)   RO Data    RW Data    ZI Data      Debug   

      4592        954         32       1460       1148      20571   Grand Totals
      4592        954         32       1148       1148      20571   ELF Image Totals (compressed)
      4592        954         32       1148          0          0   ROM Totals

==============================================================================

    Total RO  Size (Code + RO Data)                 4624 (   4.52kB)
    Total RW  Size (RW Data + ZI Data)              2608 (   2.55kB)
    Total ROM Size (Code + RO Data + RW Data)       5772 (   5.64kB)

==============================================================================

